// Jest Snapshot v1, https://goo.gl/fbAQLP

exports[`Check if Calculator is rendering Renders correctly 1`] = `
<div
  className="app-calc"
>
  <h2
    className="title"
  >
    Let\`s do some Maths!!
  </h2>
  <div
    className="calculator-container"
  >
    <div
      className="screen"
    >
      0
    </div>
    <div
      className="buttons-group"
    >
      <div
        aria-hidden="true"
        className="button-container"
        onClick={[Function]}
      >
        AC
      </div>
      <div
        aria-hidden="true"
        className="button-container"
        onClick={[Function]}
      >
        +/-
      </div>
      <div
        aria-hidden="true"
        className="button-container"
        onClick={[Function]}
      >
        %
      </div>
      <div
        aria-hidden="true"
        className="button-container operator"
        onClick={[Function]}
      >
        /
      </div>
      <div
        aria-hidden="true"
        className="button-container"
        onClick={[Function]}
      >
        7
      </div>
      <div
        aria-hidden="true"
        className="button-container"
        onClick={[Function]}
      >
        8
      </div>
      <div
        aria-hidden="true"
        className="button-container"
        onClick={[Function]}
      >
        9
      </div>
      <div
        aria-hidden="true"
        className="button-container operator"
        onClick={[Function]}
      >
        x
      </div>
      <div
        aria-hidden="true"
        className="button-container"
        onClick={[Function]}
      >
        4
      </div>
      <div
        aria-hidden="true"
        className="button-container"
        onClick={[Function]}
      >
        5
      </div>
      <div
        aria-hidden="true"
        className="button-container"
        onClick={[Function]}
      >
        6
      </div>
      <div
        aria-hidden="true"
        className="button-container operator"
        onClick={[Function]}
      >
        +
      </div>
      <div
        aria-hidden="true"
        className="button-container"
        onClick={[Function]}
      >
        1
      </div>
      <div
        aria-hidden="true"
        className="button-container"
        onClick={[Function]}
      >
        2
      </div>
      <div
        aria-hidden="true"
        className="button-container"
        onClick={[Function]}
      >
        3
      </div>
      <div
        aria-hidden="true"
        className="button-container operator"
        onClick={[Function]}
      >
        -
      </div>
    </div>
    <div
      className="bottom-group"
    >
      <div
        aria-hidden="true"
        className="button-container"
        onClick={[Function]}
      >
        0
      </div>
      <div
        aria-hidden="true"
        className="button-container"
        onClick={[Function]}
      >
        .
      </div>
      <div
        aria-hidden="true"
        className="button-container operator"
        onClick={[Function]}
      >
        =
      </div>
    </div>
  </div>
</div>
`;
